------------------------------------------------------------
Timing Analyzer Summary
------------------------------------------------------------

Type  : Slow 1100mV 85C Model Setup 'clk'
Slack : -12.772
TNS   : -3599.640

Type  : Slow 1100mV 85C Model Setup 'CLK_DIVIDER:testclk|out_clk'
Slack : -3.402
TNS   : -350.739

Type  : Slow 1100mV 85C Model Hold 'clk'
Slack : -0.018
TNS   : -0.018

Type  : Slow 1100mV 85C Model Hold 'CLK_DIVIDER:testclk|out_clk'
Slack : 0.421
TNS   : 0.000

Type  : Slow 1100mV 85C Model Minimum Pulse Width 'clk'
Slack : -2.225
TNS   : -1675.899

Type  : Slow 1100mV 85C Model Minimum Pulse Width 'CLK_DIVIDER:testclk|out_clk'
Slack : -0.394
TNS   : -60.243

Type  : Slow 1100mV 0C Model Setup 'clk'
Slack : -12.766
TNS   : -3636.224

Type  : Slow 1100mV 0C Model Setup 'CLK_DIVIDER:testclk|out_clk'
Slack : -3.262
TNS   : -339.396

Type  : Slow 1100mV 0C Model Hold 'clk'
Slack : -0.294
TNS   : -0.489

Type  : Slow 1100mV 0C Model Hold 'CLK_DIVIDER:testclk|out_clk'
Slack : 0.420
TNS   : 0.000

Type  : Slow 1100mV 0C Model Minimum Pulse Width 'clk'
Slack : -2.225
TNS   : -1666.120

Type  : Slow 1100mV 0C Model Minimum Pulse Width 'CLK_DIVIDER:testclk|out_clk'
Slack : -0.394
TNS   : -59.042

Type  : Fast 1100mV 85C Model Setup 'clk'
Slack : -6.764
TNS   : -1864.325

Type  : Fast 1100mV 85C Model Setup 'CLK_DIVIDER:testclk|out_clk'
Slack : -1.709
TNS   : -172.230

Type  : Fast 1100mV 85C Model Hold 'clk'
Slack : 0.102
TNS   : 0.000

Type  : Fast 1100mV 85C Model Hold 'CLK_DIVIDER:testclk|out_clk'
Slack : 0.157
TNS   : 0.000

Type  : Fast 1100mV 85C Model Minimum Pulse Width 'clk'
Slack : -2.174
TNS   : -1658.911

Type  : Fast 1100mV 85C Model Minimum Pulse Width 'CLK_DIVIDER:testclk|out_clk'
Slack : 0.052
TNS   : 0.000

Type  : Fast 1100mV 0C Model Setup 'clk'
Slack : -6.179
TNS   : -1703.172

Type  : Fast 1100mV 0C Model Setup 'CLK_DIVIDER:testclk|out_clk'
Slack : -1.487
TNS   : -150.676

Type  : Fast 1100mV 0C Model Hold 'clk'
Slack : -0.090
TNS   : -0.110

Type  : Fast 1100mV 0C Model Hold 'CLK_DIVIDER:testclk|out_clk'
Slack : 0.145
TNS   : 0.000

Type  : Fast 1100mV 0C Model Minimum Pulse Width 'clk'
Slack : -2.174
TNS   : -1699.323

Type  : Fast 1100mV 0C Model Minimum Pulse Width 'CLK_DIVIDER:testclk|out_clk'
Slack : 0.077
TNS   : 0.000

------------------------------------------------------------
