------------------------------------------------------------
Timing Analyzer Summary
------------------------------------------------------------

Type  : Slow 1100mV 85C Model Setup 'VGA_MODULE:vga|CLK_DIVIDER:testclk|out_clk'
Slack : -3.495
TNS   : -288.314

Type  : Slow 1100mV 85C Model Setup 'clk'
Slack : -2.832
TNS   : -3.461

Type  : Slow 1100mV 85C Model Hold 'VGA_MODULE:vga|CLK_DIVIDER:testclk|out_clk'
Slack : 0.290
TNS   : 0.000

Type  : Slow 1100mV 85C Model Hold 'clk'
Slack : 0.473
TNS   : 0.000

Type  : Slow 1100mV 85C Model Minimum Pulse Width 'clk'
Slack : -0.805
TNS   : -2.936

Type  : Slow 1100mV 85C Model Minimum Pulse Width 'VGA_MODULE:vga|CLK_DIVIDER:testclk|out_clk'
Slack : -0.394
TNS   : -46.719

Type  : Slow 1100mV 0C Model Setup 'VGA_MODULE:vga|CLK_DIVIDER:testclk|out_clk'
Slack : -3.392
TNS   : -282.106

Type  : Slow 1100mV 0C Model Setup 'clk'
Slack : -3.048
TNS   : -3.737

Type  : Slow 1100mV 0C Model Hold 'VGA_MODULE:vga|CLK_DIVIDER:testclk|out_clk'
Slack : 0.287
TNS   : 0.000

Type  : Slow 1100mV 0C Model Hold 'clk'
Slack : 0.480
TNS   : 0.000

Type  : Slow 1100mV 0C Model Minimum Pulse Width 'clk'
Slack : -0.815
TNS   : -3.135

Type  : Slow 1100mV 0C Model Minimum Pulse Width 'VGA_MODULE:vga|CLK_DIVIDER:testclk|out_clk'
Slack : -0.394
TNS   : -46.445

Type  : Fast 1100mV 85C Model Setup 'clk'
Slack : -1.862
TNS   : -1.862

Type  : Fast 1100mV 85C Model Setup 'VGA_MODULE:vga|CLK_DIVIDER:testclk|out_clk'
Slack : -1.703
TNS   : -136.471

Type  : Fast 1100mV 85C Model Hold 'VGA_MODULE:vga|CLK_DIVIDER:testclk|out_clk'
Slack : 0.099
TNS   : 0.000

Type  : Fast 1100mV 85C Model Hold 'clk'
Slack : 0.214
TNS   : 0.000

Type  : Fast 1100mV 85C Model Minimum Pulse Width 'clk'
Slack : -0.698
TNS   : -1.298

Type  : Fast 1100mV 85C Model Minimum Pulse Width 'VGA_MODULE:vga|CLK_DIVIDER:testclk|out_clk'
Slack : 0.094
TNS   : 0.000

Type  : Fast 1100mV 0C Model Setup 'clk'
Slack : -1.742
TNS   : -1.742

Type  : Fast 1100mV 0C Model Setup 'VGA_MODULE:vga|CLK_DIVIDER:testclk|out_clk'
Slack : -1.500
TNS   : -120.965

Type  : Fast 1100mV 0C Model Hold 'VGA_MODULE:vga|CLK_DIVIDER:testclk|out_clk'
Slack : 0.085
TNS   : 0.000

Type  : Fast 1100mV 0C Model Hold 'clk'
Slack : 0.204
TNS   : 0.000

Type  : Fast 1100mV 0C Model Minimum Pulse Width 'clk'
Slack : -0.690
TNS   : -1.296

Type  : Fast 1100mV 0C Model Minimum Pulse Width 'VGA_MODULE:vga|CLK_DIVIDER:testclk|out_clk'
Slack : 0.105
TNS   : 0.000

------------------------------------------------------------
