------------------------------------------------------------
Timing Analyzer Summary
------------------------------------------------------------

Type  : Slow 1100mV 85C Model Setup 'clk'
Slack : -3.772
TNS   : -177.721

Type  : Slow 1100mV 85C Model Hold 'clk'
Slack : 0.442
TNS   : 0.000

Type  : Slow 1100mV 85C Model Minimum Pulse Width 'clk'
Slack : -0.724
TNS   : -55.420

Type  : Slow 1100mV 0C Model Setup 'clk'
Slack : -3.778
TNS   : -178.611

Type  : Slow 1100mV 0C Model Hold 'clk'
Slack : 0.431
TNS   : 0.000

Type  : Slow 1100mV 0C Model Minimum Pulse Width 'clk'
Slack : -0.724
TNS   : -55.394

Type  : Fast 1100mV 85C Model Setup 'clk'
Slack : -0.999
TNS   : -45.263

Type  : Fast 1100mV 85C Model Hold 'clk'
Slack : 0.182
TNS   : 0.000

Type  : Fast 1100mV 85C Model Minimum Pulse Width 'clk'
Slack : -0.086
TNS   : -4.222

Type  : Fast 1100mV 0C Model Setup 'clk'
Slack : -0.842
TNS   : -38.060

Type  : Fast 1100mV 0C Model Hold 'clk'
Slack : 0.173
TNS   : 0.000

Type  : Fast 1100mV 0C Model Minimum Pulse Width 'clk'
Slack : -0.088
TNS   : -4.348

------------------------------------------------------------
